<?xml version="1.0" encoding="utf-8"?><testsuites name="pytest tests"><testsuite name="pytest" errors="0" failures="0" skipped="0" tests="18" time="11.262" timestamp="2025-06-06T16:39:39.785899+02:00" hostname="Stshadow"><testcase classname="tests.test_analyze.TestMemoryAnalyzer" name="test_is_suspicious_name" time="0.038" /><testcase classname="tests.test_analyze.TestMemoryAnalyzer" name="test_analyze_processes" time="0.040" /><testcase classname="tests.test_analyze.TestMemoryAnalyzer" name="test_save_results" time="0.029" /><testcase classname="tests.test_analyze.TestMemoryAnalyzer" name="test_analyze_network" time="0.026" /><testcase classname="tests.test_analyze.TestMemoryAnalyzer" name="test_has_elevated_privileges" time="0.020" /><testcase classname="tests.test_analyze.TestMemoryAnalyzer" name="test_is_suspicious_cmdline" time="0.019" /><testcase classname="tests.test_analyze.TestMemoryAnalyzer" name="test_is_unusual_parent" time="0.023" /><testcase classname="tests.test_analyze.TestMemoryAnalyzer" name="test_is_whitelisted_port" time="0.021" /><testcase classname="tests.test_analyze.TestMemoryAnalyzer" name="test_is_whitelisted_process" time="0.018" /><testcase classname="tests.test_analyze.TestMemoryAnalyzer" name="test_init_valid" time="0.019" /><testcase classname="tests.test_analyze.TestMemoryAnalyzer" name="test_is_known_good_process" time="0.016" /><testcase classname="tests.test_analyze.TestMemoryAnalyzer" name="test_is_recently_created" time="0.019" /><testcase classname="tests.test_analyze.TestMemoryAnalyzer" name="test_init_invalid_output_dir" time="0.017" /><testcase classname="tests.test_analyze.TestMemoryAnalyzer" name="test_error_handling" time="0.025" /><testcase classname="tests.test_analyze.TestMemoryAnalyzer" name="test_has_suspicious_network_activity" time="0.368" /><testcase classname="tests.test_analyze.TestMemoryAnalyzer" name="test_is_whitelisted_ip" time="0.023" /><testcase classname="tests.test_analyze.TestMemoryAnalyzer" name="test_load_whitelist" time="0.030" /><testcase classname="tests.test_analyze.TestMemoryAnalyzer" name="test_init_unsupported_os" time="0.026" /></testsuite></testsuites>